BUILD current FSH 64 0
RUN_RETURN normal 0 STATE layout=0 poisson=0 contact=0 block=32 heavy=0 selected=117 hash=2059186726501024493
STATE layout=0 poisson=0 contact=0 block=32 heavy=1 selected=117 hash=2059186726501024493
STATE layout=0 poisson=0 contact=0 block=64 heavy=0 selected=117 hash=2059186726501024493
STATE layout=0 poisson=0 contact=0 block=64 heavy=1 selected=117 hash=2059186726501024493
STATE layout=0 poisson=0 contact=0 block=128 heavy=0 selected=117 hash=2059186726501024493
STATE layout=0 poisson=0 contact=0 block=128 heavy=1 selected=117 hash=2059186726501024493
STATE layout=0 poisson=0 contact=0 block=256 heavy=0 selected=117 hash=2059186726501024493
STATE layout=0 poisson=0 contact=0 block=256 heavy=1 selected=117 hash=2059186726501024493
STATE layout=0 poisson=0 contact=1 block=32 heavy=0 selected=78 hash=3452772224612646203
STATE layout=0 poisson=0 contact=1 block=32 heavy=1 selected=78 hash=3452772224612646203
STATE layout=0 poisson=0 contact=1 block=64 heavy=0 selected=78 hash=3452772224612646203
STATE layout=0 poisson=0 contact=1 block=64 heavy=1 selected=78 hash=3452772224612646203
STATE layout=0 poisson=0 contact=1 block=128 heavy=0 selected=78 hash=3452772224612646203
STATE layout=0 poisson=0 contact=1 block=128 heavy=1 selected=78 hash=3452772224612646203
STATE layout=0 poisson=0 contact=1 block=256 heavy=0 selected=78 hash=3452772224612646203
STATE layout=0 poisson=0 contact=1 block=256 heavy=1 selected=78 hash=3452772224612646203
STATE layout=0 poisson=1 contact=0 block=32 heavy=0 selected=62 hash=8240124025720944765
STATE layout=0 poisson=1 contact=0 block=32 heavy=1 selected=62 hash=8240124025720944765
STATE layout=0 poisson=1 contact=0 block=64 heavy=0 selected=62 hash=8240124025720944765
STATE layout=0 poisson=1 contact=0 block=64 heavy=1 selected=62 hash=8240124025720944765
STATE layout=0 poisson=1 contact=0 block=128 heavy=0 selected=62 hash=8240124025720944765
STATE layout=0 poisson=1 contact=0 block=128 heavy=1 selected=62 hash=8240124025720944765
STATE layout=0 poisson=1 contact=0 block=256 heavy=0 selected=62 hash=8240124025720944765
STATE layout=0 poisson=1 contact=0 block=256 heavy=1 selected=62 hash=8240124025720944765
STATE layout=0 poisson=1 contact=1 block=32 heavy=0 selected=62 hash=8240124025720944765
STATE layout=0 poisson=1 contact=1 block=32 heavy=1 selected=62 hash=8240124025720944765
STATE layout=0 poisson=1 contact=1 block=64 heavy=0 selected=62 hash=8240124025720944765
STATE layout=0 poisson=1 contact=1 block=64 heavy=1 selected=62 hash=8240124025720944765
STATE layout=0 poisson=1 contact=1 block=128 heavy=0 selected=62 hash=8240124025720944765
STATE layout=0 poisson=1 contact=1 block=128 heavy=1 selected=62 hash=8240124025720944765
STATE layout=0 poisson=1 contact=1 block=256 heavy=0 selected=62 hash=8240124025720944765
STATE layout=0 poisson=1 contact=1 block=256 heavy=1 selected=62 hash=8240124025720944765
STATE layout=1 poisson=1 contact=0 block=32 heavy=0 selected=62 hash=8240124025720944765
STATE layout=1 poisson=1 contact=0 block=32 heavy=1 selected=62 hash=8240124025720944765
STATE layout=1 poisson=1 contact=0 block=64 heavy=0 selected=62 hash=8240124025720944765
STATE layout=1 poisson=1 contact=0 block=64 heavy=1 selected=62 hash=8240124025720944765
STATE layout=1 poisson=1 contact=0 block=128 heavy=0 selected=62 hash=8240124025720944765
STATE layout=1 poisson=1 contact=0 block=128 heavy=1 selected=62 hash=8240124025720944765
STATE layout=1 poisson=1 contact=0 block=256 heavy=0 selected=62 hash=8240124025720944765
STATE layout=1 poisson=1 contact=0 block=256 heavy=1 selected=62 hash=8240124025720944765
STATE layout=1 poisson=1 contact=1 block=32 heavy=0 selected=62 hash=8240124025720944765
STATE layout=1 poisson=1 contact=1 block=32 heavy=1 selected=62 hash=8240124025720944765
STATE layout=1 poisson=1 contact=1 block=64 heavy=0 selected=62 hash=8240124025720944765
STATE layout=1 poisson=1 contact=1 block=64 heavy=1 selected=62 hash=8240124025720944765
STATE layout=1 poisson=1 contact=1 block=128 heavy=0 selected=62 hash=8240124025720944765
STATE layout=1 poisson=1 contact=1 block=128 heavy=1 selected=62 hash=8240124025720944765
STATE layout=1 poisson=1 contact=1 block=256 heavy=0 selected=62 hash=8240124025720944765
STATE layout=1 poisson=1 contact=1 block=256 heavy=1 selected=62 hash=8240124025720944765
STATE layout=2 poisson=1 contact=0 block=32 heavy=0 selected=62 hash=8240124025720944765
STATE layout=2 poisson=1 contact=0 block=32 heavy=1 selected=62 hash=8240124025720944765
STATE layout=2 poisson=1 contact=0 block=64 heavy=0 selected=62 hash=8240124025720944765
STATE layout=2 poisson=1 contact=0 block=64 heavy=1 selected=62 hash=8240124025720944765
STATE layout=2 poisson=1 contact=0 block=128 heavy=0 selected=62 hash=8240124025720944765
STATE layout=2 poisson=1 contact=0 block=128 heavy=1 selected=62 hash=8240124025720944765
STATE layout=2 poisson=1 contact=0 block=256 heavy=0 selected=62 hash=8240124025720944765
STATE layout=2 poisson=1 contact=0 block=256 heavy=1 selected=62 hash=8240124025720944765
STATE layout=2 poisson=1 contact=1 block=32 heavy=0 selected=62 hash=8240124025720944765
STATE layout=2 poisson=1 contact=1 block=32 heavy=1 selected=62 hash=8240124025720944765
STATE layout=2 poisson=1 contact=1 block=64 heavy=0 selected=62 hash=8240124025720944765
STATE layout=2 poisson=1 contact=1 block=64 heavy=1 selected=62 hash=8240124025720944765
STATE layout=2 poisson=1 contact=1 block=128 heavy=0 selected=62 hash=8240124025720944765
STATE layout=2 poisson=1 contact=1 block=128 heavy=1 selected=62 hash=8240124025720944765
STATE layout=2 poisson=1 contact=1 block=256 heavy=0 selected=62 hash=8240124025720944765
STATE layout=2 poisson=1 contact=1 block=256 heavy=1 selected=62 hash=8240124025720944765
STATE layout=3 poisson=1 contact=0 block=32 heavy=0 selected=62 hash=8240124025720944765
STATE layout=3 poisson=1 contact=0 block=32 heavy=1 selected=62 hash=8240124025720944765
STATE layout=3 poisson=1 contact=0 block=64 heavy=0 selected=62 hash=8240124025720944765
STATE layout=3 poisson=1 contact=0 block=64 heavy=1 selected=62 hash=8240124025720944765
STATE layout=3 poisson=1 contact=0 block=128 heavy=0 selected=62 hash=8240124025720944765
STATE layout=3 poisson=1 contact=0 block=128 heavy=1 selected=62 hash=8240124025720944765
STATE layout=3 poisson=1 contact=0 block=256 heavy=0 selected=62 hash=8240124025720944765
STATE layout=3 poisson=1 contact=0 block=256 heavy=1 selected=62 hash=8240124025720944765
STATE layout=3 poisson=1 contact=1 block=32 heavy=0 selected=62 hash=8240124025720944765
STATE layout=3 poisson=1 contact=1 block=32 heavy=1 selected=62 hash=8240124025720944765
STATE layout=3 poisson=1 contact=1 block=64 heavy=0 selected=62 hash=8240124025720944765
STATE layout=3 poisson=1 contact=1 block=64 heavy=1 selected=62 hash=8240124025720944765
STATE layout=3 poisson=1 contact=1 block=128 heavy=0 selected=62 hash=8240124025720944765
STATE layout=3 poisson=1 contact=1 block=128 heavy=1 selected=62 hash=8240124025720944765
STATE layout=3 poisson=1 contact=1 block=256 heavy=0 selected=62 hash=8240124025720944765
STATE layout=3 poisson=1 contact=1 block=256 heavy=1 selected=62 hash=8240124025720944765
STATE layout=4 poisson=1 contact=0 block=32 heavy=0 selected=62 hash=8240124025720944765
STATE layout=4 poisson=1 contact=0 block=64 heavy=0 selected=62 hash=8240124025720944765
STATE layout=4 poisson=1 contact=0 block=128 heavy=0 selected=62 hash=8240124025720944765
STATE layout=4 poisson=1 contact=0 block=256 heavy=0 selected=62 hash=8240124025720944765
STATE layout=4 poisson=1 contact=1 block=32 heavy=0 selected=62 hash=8240124025720944765
STATE layout=4 poisson=1 contact=1 block=64 heavy=0 selected=62 hash=8240124025720944765
STATE layout=4 poisson=1 contact=1 block=128 heavy=0 selected=62 hash=8240124025720944765
STATE layout=4 poisson=1 contact=1 block=256 heavy=0 selected=62 hash=8240124025720944765
PASS collision pool CPU moments, selected IDs/RNG and contact metadata

RUN_RETURN zero 0 STATE layout=0 poisson=0 contact=0 block=32 heavy=0 selected=117 hash=2059186726501024493
STATE layout=0 poisson=0 contact=0 block=32 heavy=1 selected=117 hash=2059186726501024493
STATE layout=0 poisson=0 contact=0 block=64 heavy=0 selected=117 hash=2059186726501024493
STATE layout=0 poisson=0 contact=0 block=64 heavy=1 selected=117 hash=2059186726501024493
STATE layout=0 poisson=0 contact=0 block=128 heavy=0 selected=117 hash=2059186726501024493
STATE layout=0 poisson=0 contact=0 block=128 heavy=1 selected=117 hash=2059186726501024493
STATE layout=0 poisson=0 contact=0 block=256 heavy=0 selected=117 hash=2059186726501024493
STATE layout=0 poisson=0 contact=0 block=256 heavy=1 selected=117 hash=2059186726501024493
STATE layout=0 poisson=0 contact=1 block=32 heavy=0 selected=78 hash=3452772224612646203
STATE layout=0 poisson=0 contact=1 block=32 heavy=1 selected=78 hash=3452772224612646203
STATE layout=0 poisson=0 contact=1 block=64 heavy=0 selected=78 hash=3452772224612646203
STATE layout=0 poisson=0 contact=1 block=64 heavy=1 selected=78 hash=3452772224612646203
STATE layout=0 poisson=0 contact=1 block=128 heavy=0 selected=78 hash=3452772224612646203
STATE layout=0 poisson=0 contact=1 block=128 heavy=1 selected=78 hash=3452772224612646203
STATE layout=0 poisson=0 contact=1 block=256 heavy=0 selected=78 hash=3452772224612646203
STATE layout=0 poisson=0 contact=1 block=256 heavy=1 selected=78 hash=3452772224612646203
STATE layout=0 poisson=1 contact=0 block=32 heavy=0 selected=0 hash=10936139724976760496
STATE layout=0 poisson=1 contact=0 block=32 heavy=1 selected=0 hash=10936139724976760496
STATE layout=0 poisson=1 contact=0 block=64 heavy=0 selected=0 hash=10936139724976760496
STATE layout=0 poisson=1 contact=0 block=64 heavy=1 selected=0 hash=10936139724976760496
STATE layout=0 poisson=1 contact=0 block=128 heavy=0 selected=0 hash=10936139724976760496
STATE layout=0 poisson=1 contact=0 block=128 heavy=1 selected=0 hash=10936139724976760496
STATE layout=0 poisson=1 contact=0 block=256 heavy=0 selected=0 hash=10936139724976760496
STATE layout=0 poisson=1 contact=0 block=256 heavy=1 selected=0 hash=10936139724976760496
STATE layout=0 poisson=1 contact=1 block=32 heavy=0 selected=0 hash=10936139724976760496
STATE layout=0 poisson=1 contact=1 block=32 heavy=1 selected=0 hash=10936139724976760496
STATE layout=0 poisson=1 contact=1 block=64 heavy=0 selected=0 hash=10936139724976760496
STATE layout=0 poisson=1 contact=1 block=64 heavy=1 selected=0 hash=10936139724976760496
STATE layout=0 poisson=1 contact=1 block=128 heavy=0 selected=0 hash=10936139724976760496
STATE layout=0 poisson=1 contact=1 block=128 heavy=1 selected=0 hash=10936139724976760496
STATE layout=0 poisson=1 contact=1 block=256 heavy=0 selected=0 hash=10936139724976760496
STATE layout=0 poisson=1 contact=1 block=256 heavy=1 selected=0 hash=10936139724976760496
STATE layout=1 poisson=1 contact=0 block=32 heavy=0 selected=0 hash=10936139724976760496
STATE layout=1 poisson=1 contact=0 block=32 heavy=1 selected=0 hash=10936139724976760496
STATE layout=1 poisson=1 contact=0 block=64 heavy=0 selected=0 hash=10936139724976760496
STATE layout=1 poisson=1 contact=0 block=64 heavy=1 selected=0 hash=10936139724976760496
STATE layout=1 poisson=1 contact=0 block=128 heavy=0 selected=0 hash=10936139724976760496
STATE layout=1 poisson=1 contact=0 block=128 heavy=1 selected=0 hash=10936139724976760496
STATE layout=1 poisson=1 contact=0 block=256 heavy=0 selected=0 hash=10936139724976760496
STATE layout=1 poisson=1 contact=0 block=256 heavy=1 selected=0 hash=10936139724976760496
STATE layout=1 poisson=1 contact=1 block=32 heavy=0 selected=0 hash=10936139724976760496
STATE layout=1 poisson=1 contact=1 block=32 heavy=1 selected=0 hash=10936139724976760496
STATE layout=1 poisson=1 contact=1 block=64 heavy=0 selected=0 hash=10936139724976760496
STATE layout=1 poisson=1 contact=1 block=64 heavy=1 selected=0 hash=10936139724976760496
STATE layout=1 poisson=1 contact=1 block=128 heavy=0 selected=0 hash=10936139724976760496
STATE layout=1 poisson=1 contact=1 block=128 heavy=1 selected=0 hash=10936139724976760496
STATE layout=1 poisson=1 contact=1 block=256 heavy=0 selected=0 hash=10936139724976760496
STATE layout=1 poisson=1 contact=1 block=256 heavy=1 selected=0 hash=10936139724976760496
STATE layout=2 poisson=1 contact=0 block=32 heavy=0 selected=0 hash=10936139724976760496
STATE layout=2 poisson=1 contact=0 block=32 heavy=1 selected=0 hash=10936139724976760496
STATE layout=2 poisson=1 contact=0 block=64 heavy=0 selected=0 hash=10936139724976760496
STATE layout=2 poisson=1 contact=0 block=64 heavy=1 selected=0 hash=10936139724976760496
STATE layout=2 poisson=1 contact=0 block=128 heavy=0 selected=0 hash=10936139724976760496
STATE layout=2 poisson=1 contact=0 block=128 heavy=1 selected=0 hash=10936139724976760496
STATE layout=2 poisson=1 contact=0 block=256 heavy=0 selected=0 hash=10936139724976760496
STATE layout=2 poisson=1 contact=0 block=256 heavy=1 selected=0 hash=10936139724976760496
STATE layout=2 poisson=1 contact=1 block=32 heavy=0 selected=0 hash=10936139724976760496
STATE layout=2 poisson=1 contact=1 block=32 heavy=1 selected=0 hash=10936139724976760496
STATE layout=2 poisson=1 contact=1 block=64 heavy=0 selected=0 hash=10936139724976760496
STATE layout=2 poisson=1 contact=1 block=64 heavy=1 selected=0 hash=10936139724976760496
STATE layout=2 poisson=1 contact=1 block=128 heavy=0 selected=0 hash=10936139724976760496
STATE layout=2 poisson=1 contact=1 block=128 heavy=1 selected=0 hash=10936139724976760496
STATE layout=2 poisson=1 contact=1 block=256 heavy=0 selected=0 hash=10936139724976760496
STATE layout=2 poisson=1 contact=1 block=256 heavy=1 selected=0 hash=10936139724976760496
STATE layout=3 poisson=1 contact=0 block=32 heavy=0 selected=0 hash=10936139724976760496
STATE layout=3 poisson=1 contact=0 block=32 heavy=1 selected=0 hash=10936139724976760496
STATE layout=3 poisson=1 contact=0 block=64 heavy=0 selected=0 hash=10936139724976760496
STATE layout=3 poisson=1 contact=0 block=64 heavy=1 selected=0 hash=10936139724976760496
STATE layout=3 poisson=1 contact=0 block=128 heavy=0 selected=0 hash=10936139724976760496
STATE layout=3 poisson=1 contact=0 block=128 heavy=1 selected=0 hash=10936139724976760496
STATE layout=3 poisson=1 contact=0 block=256 heavy=0 selected=0 hash=10936139724976760496
STATE layout=3 poisson=1 contact=0 block=256 heavy=1 selected=0 hash=10936139724976760496
STATE layout=3 poisson=1 contact=1 block=32 heavy=0 selected=0 hash=10936139724976760496
STATE layout=3 poisson=1 contact=1 block=32 heavy=1 selected=0 hash=10936139724976760496
STATE layout=3 poisson=1 contact=1 block=64 heavy=0 selected=0 hash=10936139724976760496
STATE layout=3 poisson=1 contact=1 block=64 heavy=1 selected=0 hash=10936139724976760496
STATE layout=3 poisson=1 contact=1 block=128 heavy=0 selected=0 hash=10936139724976760496
STATE layout=3 poisson=1 contact=1 block=128 heavy=1 selected=0 hash=10936139724976760496
STATE layout=3 poisson=1 contact=1 block=256 heavy=0 selected=0 hash=10936139724976760496
STATE layout=3 poisson=1 contact=1 block=256 heavy=1 selected=0 hash=10936139724976760496
STATE layout=4 poisson=1 contact=0 block=32 heavy=0 selected=0 hash=10936139724976760496
STATE layout=4 poisson=1 contact=0 block=64 heavy=0 selected=0 hash=10936139724976760496
STATE layout=4 poisson=1 contact=0 block=128 heavy=0 selected=0 hash=10936139724976760496
STATE layout=4 poisson=1 contact=0 block=256 heavy=0 selected=0 hash=10936139724976760496
STATE layout=4 poisson=1 contact=1 block=32 heavy=0 selected=0 hash=10936139724976760496
STATE layout=4 poisson=1 contact=1 block=64 heavy=0 selected=0 hash=10936139724976760496
STATE layout=4 poisson=1 contact=1 block=128 heavy=0 selected=0 hash=10936139724976760496
STATE layout=4 poisson=1 contact=1 block=256 heavy=0 selected=0 hash=10936139724976760496
PASS collision pool CPU moments, selected IDs/RNG and contact metadata

